Flow report for fpdds
Fri May 10 07:39:24 2019
Quartus Prime Version 18.1.0 Build 625 09/12/2018 SJ Lite Edition


---------------------
; Table of Contents ;
---------------------
  1. Legal Notice
  2. Flow Summary
  3. Flow Settings
  4. Flow Non-Default Global Settings
  5. Flow Elapsed Time
  6. Flow OS Summary
  7. Flow Log
  8. Flow Messages
  9. Flow Suppressed Messages



----------------
; Legal Notice ;
----------------
Copyright (C) 2018  Intel Corporation. All rights reserved.
Your use of Intel Corporation's design tools, logic functions 
and other software and tools, and its AMPP partner logic 
functions, and any output files from any of the foregoing 
(including device programming or simulation files), and any 
associated documentation or information are expressly subject 
to the terms and conditions of the Intel Program License 
Subscription Agreement, the Intel Quartus Prime License Agreement,
the Intel FPGA IP License Agreement, or other applicable license
agreement, including, without limitation, that your use is for
the sole purpose of programming logic devices manufactured by
Intel and sold by Intel or its authorized distributors.  Please
refer to the applicable agreement for further details.



+----------------------------------------------------------------------------------+
; Flow Summary                                                                     ;
+------------------------------------+---------------------------------------------+
; Flow Status                        ; Successful - Fri May 10 07:39:24 2019       ;
; Quartus Prime Version              ; 18.1.0 Build 625 09/12/2018 SJ Lite Edition ;
; Revision Name                      ; fpdds                                       ;
; Top-level Entity Name              ; pavDOGFPGA                                  ;
; Family                             ; Cyclone IV E                                ;
; Device                             ; EP4CE22F17C6                                ;
; Timing Models                      ; Final                                       ;
; Total logic elements               ; 7,812 / 22,320 ( 35 % )                     ;
;     Total combinational functions  ; 7,447 / 22,320 ( 33 % )                     ;
;     Dedicated logic registers      ; 4,034 / 22,320 ( 18 % )                     ;
; Total registers                    ; 4034                                        ;
; Total pins                         ; 6 / 154 ( 4 % )                             ;
; Total virtual pins                 ; 0                                           ;
; Total memory bits                  ; 9,685 / 608,256 ( 2 % )                     ;
; Embedded Multiplier 9-bit elements ; 90 / 132 ( 68 % )                           ;
; Total PLLs                         ; 1 / 4 ( 25 % )                              ;
+------------------------------------+---------------------------------------------+


+-----------------------------------------+
; Flow Settings                           ;
+-------------------+---------------------+
; Option            ; Setting             ;
+-------------------+---------------------+
; Start date & time ; 05/10/2019 07:37:14 ;
; Main task         ; Compilation         ;
; Revision Name     ; fpdds               ;
+-------------------+---------------------+


+----------------------------------------------------------------------------------------------------------------------------------------------------+
; Flow Non-Default Global Settings                                                                                                                   ;
+-------------------------------------+----------------------------------------+--------------------------------------+-------------+----------------+
; Assignment Name                     ; Value                                  ; Default Value                        ; Entity Name ; Section Id     ;
+-------------------------------------+----------------------------------------+--------------------------------------+-------------+----------------+
; COMPILER_SIGNATURE_ID               ; 91770213122.155749183403144            ; --                                   ; --          ; --             ;
; EDA_OUTPUT_DATA_FORMAT              ; Vhdl                                   ; --                                   ; --          ; eda_simulation ;
; EDA_SIMULATION_TOOL                 ; ModelSim-Altera (VHDL)                 ; <None>                               ; --          ; --             ;
; FLOW_ENABLE_RTL_VIEWER              ; On                                     ; Off                                  ; --          ; --             ;
; MAX_CORE_JUNCTION_TEMP              ; 85                                     ; --                                   ; --          ; --             ;
; MIN_CORE_JUNCTION_TEMP              ; 0                                      ; --                                   ; --          ; --             ;
; MISC_FILE                           ; myConvert.bsf                          ; --                                   ; --          ; --             ;
; MISC_FILE                           ; myConvert_inst.vhd                     ; --                                   ; --          ; --             ;
; MISC_FILE                           ; myConvert.inc                          ; --                                   ; --          ; --             ;
; MISC_FILE                           ; myConvert.cmp                          ; --                                   ; --          ; --             ;
; MISC_FILE                           ; mymult1.bsf                            ; --                                   ; --          ; --             ;
; MISC_FILE                           ; mymult1_inst.vhd                       ; --                                   ; --          ; --             ;
; MISC_FILE                           ; mymult1.inc                            ; --                                   ; --          ; --             ;
; MISC_FILE                           ; mymult1.cmp                            ; --                                   ; --          ; --             ;
; MISC_FILE                           ; constDAC.cmp                           ; --                                   ; --          ; --             ;
; MISC_FILE                           ; constDAC2.cmp                          ; --                                   ; --          ; --             ;
; MISC_FILE                           ; myConvert2.bsf                         ; --                                   ; --          ; --             ;
; MISC_FILE                           ; myConvert2_inst.vhd                    ; --                                   ; --          ; --             ;
; MISC_FILE                           ; myConvert2.inc                         ; --                                   ; --          ; --             ;
; MISC_FILE                           ; myConvert2.cmp                         ; --                                   ; --          ; --             ;
; MISC_FILE                           ; divider2.bsf                           ; --                                   ; --          ; --             ;
; MISC_FILE                           ; divider2.cmp                           ; --                                   ; --          ; --             ;
; MISC_FILE                           ; shift_reg32.bsf                        ; --                                   ; --          ; --             ;
; MISC_FILE                           ; shift_reg32.cmp                        ; --                                   ; --          ; --             ;
; MISC_FILE                           ; shift_regin32.bsf                      ; --                                   ; --          ; --             ;
; MISC_FILE                           ; shift_regin32.cmp                      ; --                                   ; --          ; --             ;
; MISC_FILE                           ; SUB32.bsf                              ; --                                   ; --          ; --             ;
; MISC_FILE                           ; SUB32.cmp                              ; --                                   ; --          ; --             ;
; MISC_FILE                           ; deltaT.bsf                             ; --                                   ; --          ; --             ;
; MISC_FILE                           ; deltaT.cmp                             ; --                                   ; --          ; --             ;
; MISC_FILE                           ; rmin.bsf                               ; --                                   ; --          ; --             ;
; MISC_FILE                           ; rmin.cmp                               ; --                                   ; --          ; --             ;
; MISC_FILE                           ; rmax.bsf                               ; --                                   ; --          ; --             ;
; MISC_FILE                           ; rmax.cmp                               ; --                                   ; --          ; --             ;
; MISC_FILE                           ; muxMeUp.bsf                            ; --                                   ; --          ; --             ;
; MISC_FILE                           ; muxMeUp.cmp                            ; --                                   ; --          ; --             ;
; MISC_FILE                           ; add32.bsf                              ; --                                   ; --          ; --             ;
; MISC_FILE                           ; add32.cmp                              ; --                                   ; --          ; --             ;
; MISC_FILE                           ; regy.bsf                               ; --                                   ; --          ; --             ;
; MISC_FILE                           ; regy.cmp                               ; --                                   ; --          ; --             ;
; MISC_FILE                           ; fpCompareGreat.bsf                     ; --                                   ; --          ; --             ;
; MISC_FILE                           ; fpCompareGreat.cmp                     ; --                                   ; --          ; --             ;
; MISC_FILE                           ; fpCompareLess.bsf                      ; --                                   ; --          ; --             ;
; MISC_FILE                           ; fpCompareLess.cmp                      ; --                                   ; --          ; --             ;
; MISC_FILE                           ; compEqual.bsf                          ; --                                   ; --          ; --             ;
; MISC_FILE                           ; compEqual.cmp                          ; --                                   ; --          ; --             ;
; MISC_FILE                           ; absolutely.bsf                         ; --                                   ; --          ; --             ;
; MISC_FILE                           ; absolutely.cmp                         ; --                                   ; --          ; --             ;
; MISC_FILE                           ; alpha.bsf                              ; --                                   ; --          ; --             ;
; MISC_FILE                           ; alpha.cmp                              ; --                                   ; --          ; --             ;
; MISC_FILE                           ; beta.bsf                               ; --                                   ; --          ; --             ;
; MISC_FILE                           ; beta.cmp                               ; --                                   ; --          ; --             ;
; MISC_FILE                           ; halfsies.bsf                           ; --                                   ; --          ; --             ;
; MISC_FILE                           ; halfsies.cmp                           ; --                                   ; --          ; --             ;
; MISC_FILE                           ; threshold.bsf                          ; --                                   ; --          ; --             ;
; MISC_FILE                           ; threshold.cmp                          ; --                                   ; --          ; --             ;
; MISC_FILE                           ; fcw.bsf                                ; --                                   ; --          ; --             ;
; MISC_FILE                           ; fcw.cmp                                ; --                                   ; --          ; --             ;
; MISC_FILE                           ; Vtebe.bsf                              ; --                                   ; --          ; --             ;
; MISC_FILE                           ; Vtebe.cmp                              ; --                                   ; --          ; --             ;
; MISC_FILE                           ; MIDR.bsf                               ; --                                   ; --          ; --             ;
; MISC_FILE                           ; MIDR.cmp                               ; --                                   ; --          ; --             ;
; MISC_FILE                           ; MIDRCONST.bsf                          ; --                                   ; --          ; --             ;
; MISC_FILE                           ; MIDRCONST.cmp                          ; --                                   ; --          ; --             ;
; MISC_FILE                           ; Clock1.bsf                             ; --                                   ; --          ; --             ;
; MISC_FILE                           ; Clock1.cmp                             ; --                                   ; --          ; --             ;
; MISC_FILE                           ; Clock1.ppf                             ; --                                   ; --          ; --             ;
; MISC_FILE                           ; CLK1Const.bsf                          ; --                                   ; --          ; --             ;
; MISC_FILE                           ; CLK1Const.cmp                          ; --                                   ; --          ; --             ;
; MISC_FILE                           ; CLK2Const.bsf                          ; --                                   ; --          ; --             ;
; MISC_FILE                           ; CLK2Const.cmp                          ; --                                   ; --          ; --             ;
; MISC_FILE                           ; RTOTConst.bsf                          ; --                                   ; --          ; --             ;
; MISC_FILE                           ; RTOTConst.cmp                          ; --                                   ; --          ; --             ;
; MISC_FILE                           ; R1Const.bsf                            ; --                                   ; --          ; --             ;
; MISC_FILE                           ; R1Const.cmp                            ; --                                   ; --          ; --             ;
; MISC_FILE                           ; R2Const.bsf                            ; --                                   ; --          ; --             ;
; MISC_FILE                           ; R2Const.cmp                            ; --                                   ; --          ; --             ;
; MISC_FILE                           ; PavThresh.bsf                          ; --                                   ; --          ; --             ;
; MISC_FILE                           ; PavThresh.cmp                          ; --                                   ; --          ; --             ;
; NUM_PARALLEL_PROCESSORS             ; All                                    ; --                                   ; --          ; --             ;
; PARTITION_COLOR                     ; -- (Not supported for targeted family) ; --                                   ; pavDOGFPGA  ; Top            ;
; PARTITION_FITTER_PRESERVATION_LEVEL ; -- (Not supported for targeted family) ; --                                   ; pavDOGFPGA  ; Top            ;
; PARTITION_NETLIST_TYPE              ; -- (Not supported for targeted family) ; --                                   ; pavDOGFPGA  ; Top            ;
; POWER_BOARD_THERMAL_MODEL           ; None (CONSERVATIVE)                    ; --                                   ; --          ; --             ;
; POWER_PRESET_COOLING_SOLUTION       ; 23 MM HEAT SINK WITH 200 LFPM AIRFLOW  ; --                                   ; --          ; --             ;
; PROJECT_IP_REGENERATION_POLICY      ; ALWAYS_REGENERATE_IP                   ; SKIP_REGENERATING_IP_IF_HDL_MODIFIED ; --          ; --             ;
; PROJECT_OUTPUT_DIRECTORY            ; output_files                           ; --                                   ; --          ; --             ;
; TOP_LEVEL_ENTITY                    ; pavDOGFPGA                             ; fpdds                                ; --          ; --             ;
; VHDL_INPUT_VERSION                  ; VHDL_2008                              ; VHDL_1993                            ; --          ; --             ;
; VHDL_SHOW_LMF_MAPPING_MESSAGES      ; Off                                    ; --                                   ; --          ; --             ;
+-------------------------------------+----------------------------------------+--------------------------------------+-------------+----------------+


+--------------------------------------------------------------------------------------------------------------------------+
; Flow Elapsed Time                                                                                                        ;
+----------------------+--------------+-------------------------+---------------------+------------------------------------+
; Module Name          ; Elapsed Time ; Average Processors Used ; Peak Virtual Memory ; Total CPU Time (on all processors) ;
+----------------------+--------------+-------------------------+---------------------+------------------------------------+
; Analysis & Synthesis ; 00:01:05     ; 1.0                     ; 4955 MB             ; 00:01:18                           ;
; Fitter               ; 00:00:27     ; 1.2                     ; 5688 MB             ; 00:00:47                           ;
; Assembler            ; 00:00:02     ; 1.0                     ; 4706 MB             ; 00:00:02                           ;
; Timing Analyzer      ; 00:00:06     ; 1.5                     ; 4881 MB             ; 00:00:08                           ;
; EDA Netlist Writer   ; 00:00:10     ; 1.0                     ; 4734 MB             ; 00:00:10                           ;
; Total                ; 00:01:50     ; --                      ; --                  ; 00:02:25                           ;
+----------------------+--------------+-------------------------+---------------------+------------------------------------+


+------------------------------------------------------------------------------------+
; Flow OS Summary                                                                    ;
+----------------------+------------------+------------+------------+----------------+
; Module Name          ; Machine Hostname ; OS Name    ; OS Version ; Processor type ;
+----------------------+------------------+------------+------------+----------------+
; Analysis & Synthesis ; LAPTOP-UFQEEKLC  ; Windows 10 ; 10.0       ; x86_64         ;
; Fitter               ; LAPTOP-UFQEEKLC  ; Windows 10 ; 10.0       ; x86_64         ;
; Assembler            ; LAPTOP-UFQEEKLC  ; Windows 10 ; 10.0       ; x86_64         ;
; Timing Analyzer      ; LAPTOP-UFQEEKLC  ; Windows 10 ; 10.0       ; x86_64         ;
; EDA Netlist Writer   ; LAPTOP-UFQEEKLC  ; Windows 10 ; 10.0       ; x86_64         ;
+----------------------+------------------+------------+------------+----------------+


------------
; Flow Log ;
------------
quartus_map --read_settings_files=on --write_settings_files=off fpdds -c fpdds
quartus_fit --read_settings_files=off --write_settings_files=off fpdds -c fpdds
quartus_asm --read_settings_files=off --write_settings_files=off fpdds -c fpdds
quartus_sta fpdds -c fpdds
quartus_eda --read_settings_files=off --write_settings_files=off fpdds -c fpdds



